
> turnos-app@0.0.0 test
> vitest run test/e2e/createUsers.e2e.test.jsx


[1m[46m RUN [49m[22m [36mv3.2.4 [39m[90mC:/Users/Asus/Desktop/App turnos Frontend/turnos-app[39m

